// Jest Snapshot v1, https://goo.gl/fbAQLP

exports[`Quote renders correctly 1`] = `
<div
  className="frame"
>
  <h3
    className="math"
  >
    Let's do some Math!
  </h3>
  <div
    className="calculator"
  >
    <br />
    <div>
      <button
        className="screen"
      />
    </div>
    <div
      className="keys"
    >
      <input
        className="button-clear"
        onClick={[Function]}
        type="button"
        value="AC"
      />
      <input
        className="button-operator"
        onClick={[Function]}
        type="button"
        value="+/-"
      />
      <input
        className="button-operator"
        onClick={[Function]}
        type="button"
        value="%"
      />
      <input
        className="button-operator"
        id="red"
        onClick={[Function]}
        type="button"
        value="รท"
      />
      <input
        className="button-operator"
        onClick={[Function]}
        type="button"
        value="7"
      />
      <input
        className="button-operator"
        onClick={[Function]}
        type="button"
        value="8"
      />
      <input
        className="button-operator"
        onClick={[Function]}
        type="button"
        value="9"
      />
      <input
        className="button-operator"
        id="red"
        onClick={[Function]}
        type="button"
        value="x"
      />
      <input
        className="button-operator"
        onClick={[Function]}
        type="button"
        value="4"
      />
      <input
        className="button-operator"
        onClick={[Function]}
        type="button"
        value="5"
      />
      <input
        className="button-operator"
        onClick={[Function]}
        type="button"
        value="6"
      />
      <input
        className="button-operator"
        id="red"
        onClick={[Function]}
        type="button"
        value="-"
      />
      <input
        className="button-operator"
        onClick={[Function]}
        type="button"
        value="1"
      />
      <input
        className="button-operator"
        onClick={[Function]}
        type="button"
        value="2"
      />
      <input
        className="button-operator"
        onClick={[Function]}
        type="button"
        value="3"
      />
      <input
        className="button-operator"
        id="red"
        onClick={[Function]}
        type="button"
        value="+"
      />
      <input
        className="button-operator"
        id="blue"
        onClick={[Function]}
        type="button"
        value="0"
      />
      <input
        className="button-operator"
        onClick={[Function]}
        type="button"
        value="."
      />
      <input
        className="button-operator"
        id="red"
        onClick={[Function]}
        type="button"
        value="="
      />
    </div>
  </div>
</div>
`;
